{"id":1,"result":{"conn_id":0,"data":"0104001100000000010203040123456789"}}
{"id":2,"result":{"conn_id":0,"data":"040400150000000001020304102030400123456789"}}
