[
{"type":"HELLO","xid":3152593500,"version":1,"time":"1421351043.638265000","conn_id":2,"_source":"127.0.0.1:6633","_dest":"127.0.0.1:55167","msg":{"versions":[]}}
,{"type":"HELLO","xid":14,"version":1,"time":"1421351043.643091000","conn_id":2,"_source":"127.0.0.1:55167","_dest":"127.0.0.1:6633","msg":{"versions":[]}}
,{"type":"FEATURES_REQUEST","xid":336274106,"version":1,"time":"1421351043.645978000","conn_id":2,"_source":"127.0.0.1:6633","_dest":"127.0.0.1:55167","msg":{}}
,{"type":"SET_CONFIG","xid":4150367068,"version":1,"time":"1421351043.648066000","conn_id":2,"_source":"127.0.0.1:6633","_dest":"127.0.0.1:55167","msg":{"flags":["FRAG_NORMAL"],"miss_send_len":128}}
,{"type":"FEATURES_REPLY","xid":336274106,"version":1,"time":"1421351043.653051000","conn_id":2,"_source":"127.0.0.1:55167","_dest":"127.0.0.1:6633","msg":{"datapath_id":"00:00:00:00:00:00:00:01","n_buffers":256,"n_tables":254,"auxiliary_id":0,"capabilities":["FLOW_STATS","TABLE_STATS","PORT_STATS","QUEUE_STATS","ARP_MATCH_IP"],"actions":["OUTPUT","SET_VLAN_VID","SET_VLAN_PCP","STRIP_VLAN","SET_DL_SRC","SET_DL_DST","SET_NW_SRC","SET_NW_DST","SET_NW_TOS","SET_TP_SRC","SET_TP_DST","ENQUEUE"],"ports":[{"port_no":3,"hw_addr":"8a:05:9c:52:4f:1a","name":"s1-eth3","config":[],"state":["STP_LISTEN"],"ethernet":{"curr":["10GB_FD","COPPER"],"advertised":[],"supported":[],"peer":[],"curr_speed":0,"max_speed":0},"properties":[]},{"port_no":1,"hw_addr":"4e:ef:d9:3a:b6:fe","name":"s1-eth1","config":[],"state":["LINK_DOWN","STP_LISTEN"],"ethernet":{"curr":["10GB_FD","COPPER"],"advertised":[],"supported":[],"peer":[],"curr_speed":0,"max_speed":0},"properties":[]},{"port_no":2,"hw_addr":"5a:e4:88:d6:3d:3f","name":"s1-eth2","config":[],"state":["STP_LISTEN"],"ethernet":{"curr":["10GB_FD","COPPER"],"advertised":[],"supported":[],"peer":[],"curr_speed":0,"max_speed":0},"properties":[]},{"port_no":"LOCAL","hw_addr":"06:98:c8:2f:8b:46","name":"s1","config":[],"state":["STP_LISTEN"],"ethernet":{"curr":[],"advertised":[],"supported":[],"peer":[],"curr_speed":0,"max_speed":0},"properties":[]}]}}
,{"type":"PORT_STATUS","xid":0,"version":1,"time":"1421351043.761953000","conn_id":2,"_source":"127.0.0.1:55167","_dest":"127.0.0.1:6633","msg":{"reason":"MODIFY","port":{"port_no":1,"hw_addr":"4e:ef:d9:3a:b6:fe","name":"s1-eth1","config":[],"state":["STP_LISTEN"],"ethernet":{"curr":["10GB_FD","COPPER"],"advertised":[],"supported":[],"peer":[],"curr_speed":0,"max_speed":0},"properties":[]}}}
,{"type":"PACKET_IN","xid":0,"version":1,"time":"1421351043.845797000","conn_id":2,"_source":"127.0.0.1:55167","_dest":"127.0.0.1:6633","msg":{"buffer_id":256,"total_len":78,"in_port":2,"in_phy_port":0,"metadata":0,"reason":"TABLE_MISS","table_id":0,"cookie":0,"match":[],"data":"3333FF00000200000000000286DD6000000000183AFF00000000000000000000000000000000FF0200000000000000000001FF00000287007B2300000000FE80000000000000020000FFFE000002"}}
,{"type":"PACKET_OUT","xid":0,"version":1,"time":"1421351043.846217000","conn_id":2,"_source":"127.0.0.1:6633","_dest":"127.0.0.1:55167","msg":{"buffer_id":256,"in_port":2,"actions":[{"action":"OUTPUT","port":"FLOOD","max_len":0}],"data":""}}
,{"type":"PACKET_IN","xid":0,"version":1,"time":"1421351044.211607000","conn_id":2,"_source":"127.0.0.1:55167","_dest":"127.0.0.1:6633","msg":{"buffer_id":257,"total_len":90,"in_port":3,"in_phy_port":0,"metadata":0,"reason":"TABLE_MISS","table_id":0,"cookie":0,"match":[],"data":"33330000001600000000000386DD600000000024000100000000000000000000000000000000FF0200000000000000000000000000163A000502000001008F006F870000000104000000FF0200000000000000000001FF000003"}}
,{"type":"PACKET_OUT","xid":0,"version":1,"time":"1421351044.211995000","conn_id":2,"_source":"127.0.0.1:6633","_dest":"127.0.0.1:55167","msg":{"buffer_id":257,"in_port":3,"actions":[{"action":"OUTPUT","port":"FLOOD","max_len":0}],"data":""}}
,{"type":"PACKET_IN","xid":0,"version":1,"time":"1421351044.242900000","conn_id":2,"_source":"127.0.0.1:55167","_dest":"127.0.0.1:6633","msg":{"buffer_id":258,"total_len":90,"in_port":2,"in_phy_port":0,"metadata":0,"reason":"TABLE_MISS","table_id":0,"cookie":0,"match":[],"data":"33330000001600000000000286DD600000000024000100000000000000000000000000000000FF0200000000000000000000000000163A000502000001008F006F880000000104000000FF0200000000000000000001FF000002"}}
,{"type":"PACKET_OUT","xid":0,"version":1,"time":"1421351044.243875000","conn_id":2,"_source":"127.0.0.1:6633","_dest":"127.0.0.1:55167","msg":{"buffer_id":258,"in_port":2,"actions":[{"action":"OUTPUT","port":"FLOOD","max_len":0}],"data":""}}
,{"type":"PACKET_IN","xid":0,"version":1,"time":"1421351044.509754000","conn_id":2,"_source":"127.0.0.1:55167","_dest":"127.0.0.1:6633","msg":{"buffer_id":259,"total_len":70,"in_port":1,"in_phy_port":0,"metadata":0,"reason":"TABLE_MISS","table_id":0,"cookie":0,"match":[],"data":"33330000000200000000000186DD6000000000103AFFFE80000000000000020000FFFE000001FF02000000000000000000000000000285007B2C000000000101000000000001"}}
,{"type":"PACKET_OUT","xid":0,"version":1,"time":"1421351044.510057000","conn_id":2,"_source":"127.0.0.1:6633","_dest":"127.0.0.1:55167","msg":{"buffer_id":259,"in_port":1,"actions":[{"action":"OUTPUT","port":"FLOOD","max_len":0}],"data":""}}
,{"type":"PACKET_IN","xid":0,"version":1,"time":"1421351044.510447000","conn_id":2,"_source":"127.0.0.1:55167","_dest":"127.0.0.1:6633","msg":{"buffer_id":260,"total_len":90,"in_port":1,"in_phy_port":0,"metadata":0,"reason":"TABLE_MISS","table_id":0,"cookie":0,"match":[],"data":"33330000001600000000000186DD6000000000240001FE80000000000000020000FFFE000001FF0200000000000000000000000000163A000502000001008F0072070000000102000000FF0200000000000000000001FF000001"}}
,{"type":"PACKET_OUT","xid":0,"version":1,"time":"1421351044.510954000","conn_id":2,"_source":"127.0.0.1:6633","_dest":"127.0.0.1:55167","msg":{"buffer_id":260,"in_port":1,"actions":[{"action":"OUTPUT","port":"FLOOD","max_len":0}],"data":""}}
,{"type":"PACKET_IN","xid":0,"version":1,"time":"1421351044.530743000","conn_id":2,"_source":"127.0.0.1:55167","_dest":"127.0.0.1:6633","msg":{"buffer_id":261,"total_len":90,"in_port":3,"in_phy_port":0,"metadata":0,"reason":"TABLE_MISS","table_id":0,"cookie":0,"match":[],"data":"33330000001600000000000386DD6000000000240001FE80000000000000020000FFFE000003FF0200000000000000000000000000163A000502000001008F0072030000000102000000FF0200000000000000000001FF000003"}}
,{"type":"PACKET_OUT","xid":0,"version":1,"time":"1421351044.531090000","conn_id":2,"_source":"127.0.0.1:6633","_dest":"127.0.0.1:55167","msg":{"buffer_id":261,"in_port":3,"actions":[{"action":"OUTPUT","port":"FLOOD","max_len":0}],"data":""}}
,{"type":"PACKET_IN","xid":0,"version":1,"time":"1421351044.531573000","conn_id":2,"_source":"127.0.0.1:55167","_dest":"127.0.0.1:6633","msg":{"buffer_id":262,"total_len":70,"in_port":3,"in_phy_port":0,"metadata":0,"reason":"TABLE_MISS","table_id":0,"cookie":0,"match":[],"data":"33330000000200000000000386DD6000000000103AFFFE80000000000000020000FFFE000003FF02000000000000000000000000000285007B28000000000101000000000003"}}
,{"type":"PACKET_OUT","xid":0,"version":1,"time":"1421351044.531789000","conn_id":2,"_source":"127.0.0.1:6633","_dest":"127.0.0.1:55167","msg":{"buffer_id":262,"in_port":3,"actions":[{"action":"OUTPUT","port":"FLOOD","max_len":0}],"data":""}}
,{"type":"PACKET_IN","xid":0,"version":1,"time":"1421351044.845816000","conn_id":2,"_source":"127.0.0.1:55167","_dest":"127.0.0.1:6633","msg":{"buffer_id":263,"total_len":90,"in_port":2,"in_phy_port":0,"metadata":0,"reason":"TABLE_MISS","table_id":0,"cookie":0,"match":[],"data":"33330000001600000000000286DD6000000000240001FE80000000000000020000FFFE000002FF0200000000000000000000000000163A000502000001008F0072050000000102000000FF0200000000000000000001FF000002"}}
,{"type":"PACKET_IN","xid":0,"version":1,"time":"1421351044.845879000","conn_id":2,"_source":"127.0.0.1:55167","_dest":"127.0.0.1:6633","msg":{"buffer_id":264,"total_len":70,"in_port":2,"in_phy_port":0,"metadata":0,"reason":"TABLE_MISS","table_id":0,"cookie":0,"match":[],"data":"33330000000200000000000286DD6000000000103AFFFE80000000000000020000FFFE000002FF02000000000000000000000000000285007B2A000000000101000000000002"}}
,{"type":"PACKET_OUT","xid":0,"version":1,"time":"1421351044.846920000","conn_id":2,"_source":"127.0.0.1:6633","_dest":"127.0.0.1:55167","msg":{"buffer_id":263,"in_port":2,"actions":[{"action":"OUTPUT","port":"FLOOD","max_len":0}],"data":""}}
,{"type":"PACKET_OUT","xid":0,"version":1,"time":"1421351044.847731000","conn_id":2,"_source":"127.0.0.1:6633","_dest":"127.0.0.1:55167","msg":{"buffer_id":264,"in_port":2,"actions":[{"action":"OUTPUT","port":"FLOOD","max_len":0}],"data":""}}
,{"type":"PACKET_IN","xid":0,"version":1,"time":"1421351044.947425000","conn_id":2,"_source":"127.0.0.1:55167","_dest":"127.0.0.1:6633","msg":{"buffer_id":265,"total_len":90,"in_port":3,"in_phy_port":0,"metadata":0,"reason":"TABLE_MISS","table_id":0,"cookie":0,"match":[],"data":"33330000001600000000000386DD6000000000240001FE80000000000000020000FFFE000003FF0200000000000000000000000000163A000502000001008F0072030000000102000000FF0200000000000000000001FF000003"}}
,{"type":"PACKET_OUT","xid":0,"version":1,"time":"1421351044.948204000","conn_id":2,"_source":"127.0.0.1:6633","_dest":"127.0.0.1:55167","msg":{"buffer_id":265,"in_port":3,"actions":[{"action":"OUTPUT","port":"FLOOD","max_len":0}],"data":""}}
,{"type":"PACKET_IN","xid":0,"version":1,"time":"1421351045.341720000","conn_id":2,"_source":"127.0.0.1:55167","_dest":"127.0.0.1:6633","msg":{"buffer_id":266,"total_len":90,"in_port":1,"in_phy_port":0,"metadata":0,"reason":"TABLE_MISS","table_id":0,"cookie":0,"match":[],"data":"33330000001600000000000186DD6000000000240001FE80000000000000020000FFFE000001FF0200000000000000000000000000163A000502000001008F0072070000000102000000FF0200000000000000000001FF000001"}}
,{"type":"PACKET_OUT","xid":0,"version":1,"time":"1421351045.342952000","conn_id":2,"_source":"127.0.0.1:6633","_dest":"127.0.0.1:55167","msg":{"buffer_id":266,"in_port":1,"actions":[{"action":"OUTPUT","port":"FLOOD","max_len":0}],"data":""}}
,{"type":"PACKET_IN","xid":0,"version":1,"time":"1421351045.549693000","conn_id":2,"_source":"127.0.0.1:55167","_dest":"127.0.0.1:6633","msg":{"buffer_id":267,"total_len":90,"in_port":2,"in_phy_port":0,"metadata":0,"reason":"TABLE_MISS","table_id":0,"cookie":0,"match":[],"data":"33330000001600000000000286DD6000000000240001FE80000000000000020000FFFE000002FF0200000000000000000000000000163A000502000001008F0072050000000102000000FF0200000000000000000001FF000002"}}
,{"type":"PACKET_OUT","xid":0,"version":1,"time":"1421351045.549920000","conn_id":2,"_source":"127.0.0.1:6633","_dest":"127.0.0.1:55167","msg":{"buffer_id":267,"in_port":2,"actions":[{"action":"OUTPUT","port":"FLOOD","max_len":0}],"data":""}}
,{"type":"PACKET_IN","xid":0,"version":1,"time":"1421351047.376255000","conn_id":2,"_source":"127.0.0.1:55167","_dest":"127.0.0.1:6633","msg":{"buffer_id":268,"total_len":42,"in_port":1,"in_phy_port":0,"metadata":0,"reason":"TABLE_MISS","table_id":0,"cookie":0,"match":[],"data":"FFFFFFFFFFFF000000000001080600010800060400010000000000010A0000010000000000000A000002"}}
,{"type":"PACKET_OUT","xid":0,"version":1,"time":"1421351047.378197000","conn_id":2,"_source":"127.0.0.1:6633","_dest":"127.0.0.1:55167","msg":{"buffer_id":268,"in_port":1,"actions":[{"action":"OUTPUT","port":"FLOOD","max_len":0}],"data":""}}
,{"type":"PACKET_IN","xid":0,"version":1,"time":"1421351047.378758000","conn_id":2,"_source":"127.0.0.1:55167","_dest":"127.0.0.1:6633","msg":{"buffer_id":269,"total_len":42,"in_port":2,"in_phy_port":0,"metadata":0,"reason":"TABLE_MISS","table_id":0,"cookie":0,"match":[],"data":"000000000001000000000002080600010800060400020000000000020A0000020000000000010A000001"}}
,{"type":"FLOW_MOD","xid":0,"version":1,"time":"1421351047.379361000","conn_id":2,"_source":"127.0.0.1:6633","_dest":"127.0.0.1:55167","msg":{"cookie":0,"cookie_mask":18446744073709551615,"table_id":0,"command":"ADD","idle_timeout":60,"hard_timeout":0,"priority":0,"buffer_id":269,"out_port":0,"out_group":0,"flags":[],"match":[{"field":"IN_PORT","value":2},{"field":"ETH_SRC","value":"00:00:00:00:00:02"},{"field":"ETH_DST","value":"00:00:00:00:00:01"},{"field":"VLAN_VID","value":0},{"field":"VLAN_PCP","value":0},{"field":"ETH_TYPE","value":2054},{"field":"ARP_OP","value":2},{"field":"ARP_SPA","value":"10.0.0.2"},{"field":"ARP_TPA","value":"10.0.0.1"}],"instructions":[{"instruction":"APPLY_ACTIONS","actions":[{"action":"OUTPUT","port":1,"max_len":0}]}]}}
,{"type":"PACKET_IN","xid":0,"version":1,"time":"1421351047.380574000","conn_id":2,"_source":"127.0.0.1:55167","_dest":"127.0.0.1:6633","msg":{"buffer_id":270,"total_len":98,"in_port":1,"in_phy_port":0,"metadata":0,"reason":"TABLE_MISS","table_id":0,"cookie":0,"match":[],"data":"000000000002000000000001080045000054195D400040010D4A0A0000010A0000020800AF6E239400018718B8540000000021BC050000000000101112131415161718191A1B1C1D1E1F202122232425262728292A2B2C2D2E2F3031323334353637"}}
,{"type":"FLOW_MOD","xid":0,"version":1,"time":"1421351047.381541000","conn_id":2,"_source":"127.0.0.1:6633","_dest":"127.0.0.1:55167","msg":{"cookie":0,"cookie_mask":18446744073709551615,"table_id":0,"command":"ADD","idle_timeout":60,"hard_timeout":0,"priority":0,"buffer_id":270,"out_port":0,"out_group":0,"flags":[],"match":[{"field":"IN_PORT","value":1},{"field":"ETH_SRC","value":"00:00:00:00:00:01"},{"field":"ETH_DST","value":"00:00:00:00:00:02"},{"field":"VLAN_VID","value":0},{"field":"VLAN_PCP","value":0},{"field":"ETH_TYPE","value":2048},{"field":"IP_DSCP","value":0},{"field":"IP_PROTO","value":1},{"field":"IPV4_SRC","value":"10.0.0.1"},{"field":"IPV4_DST","value":"10.0.0.2"},{"field":"ICMPV4_TYPE","value":8},{"field":"ICMPV4_CODE","value":0}],"instructions":[{"instruction":"APPLY_ACTIONS","actions":[{"action":"OUTPUT","port":2,"max_len":0}]}]}}
,{"type":"PACKET_IN","xid":0,"version":1,"time":"1421351047.382261000","conn_id":2,"_source":"127.0.0.1:55167","_dest":"127.0.0.1:6633","msg":{"buffer_id":271,"total_len":98,"in_port":2,"in_phy_port":0,"metadata":0,"reason":"TABLE_MISS","table_id":0,"cookie":0,"match":[],"data":"0000000000010000000000020800450000542C6E000040013A390A0000020A0000010000B76E239400018718B8540000000021BC050000000000101112131415161718191A1B1C1D1E1F202122232425262728292A2B2C2D2E2F3031323334353637"}}
,{"type":"FLOW_MOD","xid":0,"version":1,"time":"1421351047.382849000","conn_id":2,"_source":"127.0.0.1:6633","_dest":"127.0.0.1:55167","msg":{"cookie":0,"cookie_mask":18446744073709551615,"table_id":0,"command":"ADD","idle_timeout":60,"hard_timeout":0,"priority":0,"buffer_id":271,"out_port":0,"out_group":0,"flags":[],"match":[{"field":"IN_PORT","value":2},{"field":"ETH_SRC","value":"00:00:00:00:00:02"},{"field":"ETH_DST","value":"00:00:00:00:00:01"},{"field":"VLAN_VID","value":0},{"field":"VLAN_PCP","value":0},{"field":"ETH_TYPE","value":2048},{"field":"IP_DSCP","value":0},{"field":"IP_PROTO","value":1},{"field":"IPV4_SRC","value":"10.0.0.2"},{"field":"IPV4_DST","value":"10.0.0.1"},{"field":"ICMPV4_TYPE","value":0},{"field":"ICMPV4_CODE","value":0}],"instructions":[{"instruction":"APPLY_ACTIONS","actions":[{"action":"OUTPUT","port":1,"max_len":0}]}]}}
,{"type":"PACKET_IN","xid":0,"version":1,"time":"1421351047.392003000","conn_id":2,"_source":"127.0.0.1:55167","_dest":"127.0.0.1:6633","msg":{"buffer_id":272,"total_len":42,"in_port":1,"in_phy_port":0,"metadata":0,"reason":"TABLE_MISS","table_id":0,"cookie":0,"match":[],"data":"FFFFFFFFFFFF000000000001080600010800060400010000000000010A0000010000000000000A000003"}}
,{"type":"PACKET_OUT","xid":0,"version":1,"time":"1421351047.392799000","conn_id":2,"_source":"127.0.0.1:6633","_dest":"127.0.0.1:55167","msg":{"buffer_id":272,"in_port":1,"actions":[{"action":"OUTPUT","port":"FLOOD","max_len":0}],"data":""}}
,{"type":"PACKET_IN","xid":0,"version":1,"time":"1421351047.394543000","conn_id":2,"_source":"127.0.0.1:55167","_dest":"127.0.0.1:6633","msg":{"buffer_id":273,"total_len":42,"in_port":3,"in_phy_port":0,"metadata":0,"reason":"TABLE_MISS","table_id":0,"cookie":0,"match":[],"data":"000000000001000000000003080600010800060400020000000000030A0000030000000000010A000001"}}
,{"type":"FLOW_MOD","xid":0,"version":1,"time":"1421351047.395220000","conn_id":2,"_source":"127.0.0.1:6633","_dest":"127.0.0.1:55167","msg":{"cookie":0,"cookie_mask":18446744073709551615,"table_id":0,"command":"ADD","idle_timeout":60,"hard_timeout":0,"priority":0,"buffer_id":273,"out_port":0,"out_group":0,"flags":[],"match":[{"field":"IN_PORT","value":3},{"field":"ETH_SRC","value":"00:00:00:00:00:03"},{"field":"ETH_DST","value":"00:00:00:00:00:01"},{"field":"VLAN_VID","value":0},{"field":"VLAN_PCP","value":0},{"field":"ETH_TYPE","value":2054},{"field":"ARP_OP","value":2},{"field":"ARP_SPA","value":"10.0.0.3"},{"field":"ARP_TPA","value":"10.0.0.1"}],"instructions":[{"instruction":"APPLY_ACTIONS","actions":[{"action":"OUTPUT","port":1,"max_len":0}]}]}}
,{"type":"PACKET_IN","xid":0,"version":1,"time":"1421351047.395943000","conn_id":2,"_source":"127.0.0.1:55167","_dest":"127.0.0.1:6633","msg":{"buffer_id":274,"total_len":98,"in_port":1,"in_phy_port":0,"metadata":0,"reason":"TABLE_MISS","table_id":0,"cookie":0,"match":[],"data":"000000000003000000000001080045000054945B40004001924A0A0000010A0000030800D12E239600018718B85400000000FFF9050000000000101112131415161718191A1B1C1D1E1F202122232425262728292A2B2C2D2E2F3031323334353637"}}
,{"type":"FLOW_MOD","xid":0,"version":1,"time":"1421351047.396572000","conn_id":2,"_source":"127.0.0.1:6633","_dest":"127.0.0.1:55167","msg":{"cookie":0,"cookie_mask":18446744073709551615,"table_id":0,"command":"ADD","idle_timeout":60,"hard_timeout":0,"priority":0,"buffer_id":274,"out_port":0,"out_group":0,"flags":[],"match":[{"field":"IN_PORT","value":1},{"field":"ETH_SRC","value":"00:00:00:00:00:01"},{"field":"ETH_DST","value":"00:00:00:00:00:03"},{"field":"VLAN_VID","value":0},{"field":"VLAN_PCP","value":0},{"field":"ETH_TYPE","value":2048},{"field":"IP_DSCP","value":0},{"field":"IP_PROTO","value":1},{"field":"IPV4_SRC","value":"10.0.0.1"},{"field":"IPV4_DST","value":"10.0.0.3"},{"field":"ICMPV4_TYPE","value":8},{"field":"ICMPV4_CODE","value":0}],"instructions":[{"instruction":"APPLY_ACTIONS","actions":[{"action":"OUTPUT","port":3,"max_len":0}]}]}}
,{"type":"PACKET_IN","xid":0,"version":1,"time":"1421351047.397596000","conn_id":2,"_source":"127.0.0.1:55167","_dest":"127.0.0.1:6633","msg":{"buffer_id":275,"total_len":98,"in_port":3,"in_phy_port":0,"metadata":0,"reason":"TABLE_MISS","table_id":0,"cookie":0,"match":[],"data":"0000000000010000000000030800450000542C6E000040013A380A0000030A0000010000D92E239600018718B85400000000FFF9050000000000101112131415161718191A1B1C1D1E1F202122232425262728292A2B2C2D2E2F3031323334353637"}}
,{"type":"FLOW_MOD","xid":0,"version":1,"time":"1421351047.398063000","conn_id":2,"_source":"127.0.0.1:6633","_dest":"127.0.0.1:55167","msg":{"cookie":0,"cookie_mask":18446744073709551615,"table_id":0,"command":"ADD","idle_timeout":60,"hard_timeout":0,"priority":0,"buffer_id":275,"out_port":0,"out_group":0,"flags":[],"match":[{"field":"IN_PORT","value":3},{"field":"ETH_SRC","value":"00:00:00:00:00:03"},{"field":"ETH_DST","value":"00:00:00:00:00:01"},{"field":"VLAN_VID","value":0},{"field":"VLAN_PCP","value":0},{"field":"ETH_TYPE","value":2048},{"field":"IP_DSCP","value":0},{"field":"IP_PROTO","value":1},{"field":"IPV4_SRC","value":"10.0.0.3"},{"field":"IPV4_DST","value":"10.0.0.1"},{"field":"ICMPV4_TYPE","value":0},{"field":"ICMPV4_CODE","value":0}],"instructions":[{"instruction":"APPLY_ACTIONS","actions":[{"action":"OUTPUT","port":1,"max_len":0}]}]}}
,{"type":"PACKET_IN","xid":0,"version":1,"time":"1421351047.408128000","conn_id":2,"_source":"127.0.0.1:55167","_dest":"127.0.0.1:6633","msg":{"buffer_id":276,"total_len":98,"in_port":2,"in_phy_port":0,"metadata":0,"reason":"TABLE_MISS","table_id":0,"cookie":0,"match":[],"data":"0000000000010000000000020800450000542C6F40004001FA370A0000020A0000010800C7EE239700018718B854000000000839060000000000101112131415161718191A1B1C1D1E1F202122232425262728292A2B2C2D2E2F3031323334353637"}}
,{"type":"FLOW_MOD","xid":0,"version":1,"time":"1421351047.413349000","conn_id":2,"_source":"127.0.0.1:6633","_dest":"127.0.0.1:55167","msg":{"cookie":0,"cookie_mask":18446744073709551615,"table_id":0,"command":"ADD","idle_timeout":60,"hard_timeout":0,"priority":0,"buffer_id":276,"out_port":0,"out_group":0,"flags":[],"match":[{"field":"IN_PORT","value":2},{"field":"ETH_SRC","value":"00:00:00:00:00:02"},{"field":"ETH_DST","value":"00:00:00:00:00:01"},{"field":"VLAN_VID","value":0},{"field":"VLAN_PCP","value":0},{"field":"ETH_TYPE","value":2048},{"field":"IP_DSCP","value":0},{"field":"IP_PROTO","value":1},{"field":"IPV4_SRC","value":"10.0.0.2"},{"field":"IPV4_DST","value":"10.0.0.1"},{"field":"ICMPV4_TYPE","value":8},{"field":"ICMPV4_CODE","value":0}],"instructions":[{"instruction":"APPLY_ACTIONS","actions":[{"action":"OUTPUT","port":1,"max_len":0}]}]}}
,{"type":"PACKET_IN","xid":0,"version":1,"time":"1421351047.414281000","conn_id":2,"_source":"127.0.0.1:55167","_dest":"127.0.0.1:6633","msg":{"buffer_id":277,"total_len":98,"in_port":1,"in_phy_port":0,"metadata":0,"reason":"TABLE_MISS","table_id":0,"cookie":0,"match":[],"data":"000000000002000000000001080045000054195E000040014D490A0000010A0000020000CFEE239700018718B854000000000839060000000000101112131415161718191A1B1C1D1E1F202122232425262728292A2B2C2D2E2F3031323334353637"}}
,{"type":"FLOW_MOD","xid":0,"version":1,"time":"1421351047.415345000","conn_id":2,"_source":"127.0.0.1:6633","_dest":"127.0.0.1:55167","msg":{"cookie":0,"cookie_mask":18446744073709551615,"table_id":0,"command":"ADD","idle_timeout":60,"hard_timeout":0,"priority":0,"buffer_id":277,"out_port":0,"out_group":0,"flags":[],"match":[{"field":"IN_PORT","value":1},{"field":"ETH_SRC","value":"00:00:00:00:00:01"},{"field":"ETH_DST","value":"00:00:00:00:00:02"},{"field":"VLAN_VID","value":0},{"field":"VLAN_PCP","value":0},{"field":"ETH_TYPE","value":2048},{"field":"IP_DSCP","value":0},{"field":"IP_PROTO","value":1},{"field":"IPV4_SRC","value":"10.0.0.1"},{"field":"IPV4_DST","value":"10.0.0.2"},{"field":"ICMPV4_TYPE","value":0},{"field":"ICMPV4_CODE","value":0}],"instructions":[{"instruction":"APPLY_ACTIONS","actions":[{"action":"OUTPUT","port":2,"max_len":0}]}]}}
,{"type":"PACKET_IN","xid":0,"version":1,"time":"1421351047.421347000","conn_id":2,"_source":"127.0.0.1:55167","_dest":"127.0.0.1:6633","msg":{"buffer_id":278,"total_len":42,"in_port":2,"in_phy_port":0,"metadata":0,"reason":"TABLE_MISS","table_id":0,"cookie":0,"match":[],"data":"FFFFFFFFFFFF000000000002080600010800060400010000000000020A0000020000000000000A000003"}}
,{"type":"PACKET_OUT","xid":0,"version":1,"time":"1421351047.421953000","conn_id":2,"_source":"127.0.0.1:6633","_dest":"127.0.0.1:55167","msg":{"buffer_id":278,"in_port":2,"actions":[{"action":"OUTPUT","port":"FLOOD","max_len":0}],"data":""}}
,{"type":"PACKET_IN","xid":0,"version":1,"time":"1421351047.422247000","conn_id":2,"_source":"127.0.0.1:55167","_dest":"127.0.0.1:6633","msg":{"buffer_id":279,"total_len":42,"in_port":3,"in_phy_port":0,"metadata":0,"reason":"TABLE_MISS","table_id":0,"cookie":0,"match":[],"data":"000000000002000000000003080600010800060400020000000000030A0000030000000000020A000002"}}
,{"type":"FLOW_MOD","xid":0,"version":1,"time":"1421351047.422603000","conn_id":2,"_source":"127.0.0.1:6633","_dest":"127.0.0.1:55167","msg":{"cookie":0,"cookie_mask":18446744073709551615,"table_id":0,"command":"ADD","idle_timeout":60,"hard_timeout":0,"priority":0,"buffer_id":279,"out_port":0,"out_group":0,"flags":[],"match":[{"field":"IN_PORT","value":3},{"field":"ETH_SRC","value":"00:00:00:00:00:03"},{"field":"ETH_DST","value":"00:00:00:00:00:02"},{"field":"VLAN_VID","value":0},{"field":"VLAN_PCP","value":0},{"field":"ETH_TYPE","value":2054},{"field":"ARP_OP","value":2},{"field":"ARP_SPA","value":"10.0.0.3"},{"field":"ARP_TPA","value":"10.0.0.2"}],"instructions":[{"instruction":"APPLY_ACTIONS","actions":[{"action":"OUTPUT","port":2,"max_len":0}]}]}}
,{"type":"PACKET_IN","xid":0,"version":1,"time":"1421351047.423037000","conn_id":2,"_source":"127.0.0.1:55167","_dest":"127.0.0.1:6633","msg":{"buffer_id":280,"total_len":98,"in_port":2,"in_phy_port":0,"metadata":0,"reason":"TABLE_MISS","table_id":0,"cookie":0,"match":[],"data":"000000000003000000000002080045000054945B4000400192490A0000020A0000030800B6B9239800018718B85400000000196D060000000000101112131415161718191A1B1C1D1E1F202122232425262728292A2B2C2D2E2F3031323334353637"}}
,{"type":"FLOW_MOD","xid":0,"version":1,"time":"1421351047.423424000","conn_id":2,"_source":"127.0.0.1:6633","_dest":"127.0.0.1:55167","msg":{"cookie":0,"cookie_mask":18446744073709551615,"table_id":0,"command":"ADD","idle_timeout":60,"hard_timeout":0,"priority":0,"buffer_id":280,"out_port":0,"out_group":0,"flags":[],"match":[{"field":"IN_PORT","value":2},{"field":"ETH_SRC","value":"00:00:00:00:00:02"},{"field":"ETH_DST","value":"00:00:00:00:00:03"},{"field":"VLAN_VID","value":0},{"field":"VLAN_PCP","value":0},{"field":"ETH_TYPE","value":2048},{"field":"IP_DSCP","value":0},{"field":"IP_PROTO","value":1},{"field":"IPV4_SRC","value":"10.0.0.2"},{"field":"IPV4_DST","value":"10.0.0.3"},{"field":"ICMPV4_TYPE","value":8},{"field":"ICMPV4_CODE","value":0}],"instructions":[{"instruction":"APPLY_ACTIONS","actions":[{"action":"OUTPUT","port":3,"max_len":0}]}]}}
,{"type":"PACKET_IN","xid":0,"version":1,"time":"1421351047.423815000","conn_id":2,"_source":"127.0.0.1:55167","_dest":"127.0.0.1:6633","msg":{"buffer_id":281,"total_len":98,"in_port":3,"in_phy_port":0,"metadata":0,"reason":"TABLE_MISS","table_id":0,"cookie":0,"match":[],"data":"000000000002000000000003080045000054195D000040014D480A0000030A0000020000BEB9239800018718B85400000000196D060000000000101112131415161718191A1B1C1D1E1F202122232425262728292A2B2C2D2E2F3031323334353637"}}
,{"type":"FLOW_MOD","xid":0,"version":1,"time":"1421351047.424173000","conn_id":2,"_source":"127.0.0.1:6633","_dest":"127.0.0.1:55167","msg":{"cookie":0,"cookie_mask":18446744073709551615,"table_id":0,"command":"ADD","idle_timeout":60,"hard_timeout":0,"priority":0,"buffer_id":281,"out_port":0,"out_group":0,"flags":[],"match":[{"field":"IN_PORT","value":3},{"field":"ETH_SRC","value":"00:00:00:00:00:03"},{"field":"ETH_DST","value":"00:00:00:00:00:02"},{"field":"VLAN_VID","value":0},{"field":"VLAN_PCP","value":0},{"field":"ETH_TYPE","value":2048},{"field":"IP_DSCP","value":0},{"field":"IP_PROTO","value":1},{"field":"IPV4_SRC","value":"10.0.0.3"},{"field":"IPV4_DST","value":"10.0.0.2"},{"field":"ICMPV4_TYPE","value":0},{"field":"ICMPV4_CODE","value":0}],"instructions":[{"instruction":"APPLY_ACTIONS","actions":[{"action":"OUTPUT","port":2,"max_len":0}]}]}}
,{"type":"PACKET_IN","xid":0,"version":1,"time":"1421351047.431859000","conn_id":2,"_source":"127.0.0.1:55167","_dest":"127.0.0.1:6633","msg":{"buffer_id":282,"total_len":98,"in_port":3,"in_phy_port":0,"metadata":0,"reason":"TABLE_MISS","table_id":0,"cookie":0,"match":[],"data":"0000000000010000000000030800450000542C6F40004001FA360A0000030A0000010800A88F239900018718B854000000002796060000000000101112131415161718191A1B1C1D1E1F202122232425262728292A2B2C2D2E2F3031323334353637"}}
,{"type":"FLOW_MOD","xid":0,"version":1,"time":"1421351047.432338000","conn_id":2,"_source":"127.0.0.1:6633","_dest":"127.0.0.1:55167","msg":{"cookie":0,"cookie_mask":18446744073709551615,"table_id":0,"command":"ADD","idle_timeout":60,"hard_timeout":0,"priority":0,"buffer_id":282,"out_port":0,"out_group":0,"flags":[],"match":[{"field":"IN_PORT","value":3},{"field":"ETH_SRC","value":"00:00:00:00:00:03"},{"field":"ETH_DST","value":"00:00:00:00:00:01"},{"field":"VLAN_VID","value":0},{"field":"VLAN_PCP","value":0},{"field":"ETH_TYPE","value":2048},{"field":"IP_DSCP","value":0},{"field":"IP_PROTO","value":1},{"field":"IPV4_SRC","value":"10.0.0.3"},{"field":"IPV4_DST","value":"10.0.0.1"},{"field":"ICMPV4_TYPE","value":8},{"field":"ICMPV4_CODE","value":0}],"instructions":[{"instruction":"APPLY_ACTIONS","actions":[{"action":"OUTPUT","port":1,"max_len":0}]}]}}
,{"type":"PACKET_IN","xid":0,"version":1,"time":"1421351047.432879000","conn_id":2,"_source":"127.0.0.1:55167","_dest":"127.0.0.1:6633","msg":{"buffer_id":283,"total_len":98,"in_port":1,"in_phy_port":0,"metadata":0,"reason":"TABLE_MISS","table_id":0,"cookie":0,"match":[],"data":"000000000003000000000001080045000054945C00004001D2490A0000010A0000030000B08F239900018718B854000000002796060000000000101112131415161718191A1B1C1D1E1F202122232425262728292A2B2C2D2E2F3031323334353637"}}
,{"type":"FLOW_MOD","xid":0,"version":1,"time":"1421351047.433267000","conn_id":2,"_source":"127.0.0.1:6633","_dest":"127.0.0.1:55167","msg":{"cookie":0,"cookie_mask":18446744073709551615,"table_id":0,"command":"ADD","idle_timeout":60,"hard_timeout":0,"priority":0,"buffer_id":283,"out_port":0,"out_group":0,"flags":[],"match":[{"field":"IN_PORT","value":1},{"field":"ETH_SRC","value":"00:00:00:00:00:01"},{"field":"ETH_DST","value":"00:00:00:00:00:03"},{"field":"VLAN_VID","value":0},{"field":"VLAN_PCP","value":0},{"field":"ETH_TYPE","value":2048},{"field":"IP_DSCP","value":0},{"field":"IP_PROTO","value":1},{"field":"IPV4_SRC","value":"10.0.0.1"},{"field":"IPV4_DST","value":"10.0.0.3"},{"field":"ICMPV4_TYPE","value":0},{"field":"ICMPV4_CODE","value":0}],"instructions":[{"instruction":"APPLY_ACTIONS","actions":[{"action":"OUTPUT","port":3,"max_len":0}]}]}}
,{"type":"PACKET_IN","xid":0,"version":1,"time":"1421351047.442610000","conn_id":2,"_source":"127.0.0.1:55167","_dest":"127.0.0.1:6633","msg":{"buffer_id":284,"total_len":98,"in_port":3,"in_phy_port":0,"metadata":0,"reason":"TABLE_MISS","table_id":0,"cookie":0,"match":[],"data":"000000000002000000000003080045000054195E400040010D470A0000030A00000208003265239A00018718B854000000009DBF060000000000101112131415161718191A1B1C1D1E1F202122232425262728292A2B2C2D2E2F3031323334353637"}}
,{"type":"FLOW_MOD","xid":0,"version":1,"time":"1421351047.443393000","conn_id":2,"_source":"127.0.0.1:6633","_dest":"127.0.0.1:55167","msg":{"cookie":0,"cookie_mask":18446744073709551615,"table_id":0,"command":"ADD","idle_timeout":60,"hard_timeout":0,"priority":0,"buffer_id":284,"out_port":0,"out_group":0,"flags":[],"match":[{"field":"IN_PORT","value":3},{"field":"ETH_SRC","value":"00:00:00:00:00:03"},{"field":"ETH_DST","value":"00:00:00:00:00:02"},{"field":"VLAN_VID","value":0},{"field":"VLAN_PCP","value":0},{"field":"ETH_TYPE","value":2048},{"field":"IP_DSCP","value":0},{"field":"IP_PROTO","value":1},{"field":"IPV4_SRC","value":"10.0.0.3"},{"field":"IPV4_DST","value":"10.0.0.2"},{"field":"ICMPV4_TYPE","value":8},{"field":"ICMPV4_CODE","value":0}],"instructions":[{"instruction":"APPLY_ACTIONS","actions":[{"action":"OUTPUT","port":2,"max_len":0}]}]}}
,{"type":"PACKET_IN","xid":0,"version":1,"time":"1421351047.443783000","conn_id":2,"_source":"127.0.0.1:55167","_dest":"127.0.0.1:6633","msg":{"buffer_id":285,"total_len":98,"in_port":2,"in_phy_port":0,"metadata":0,"reason":"TABLE_MISS","table_id":0,"cookie":0,"match":[],"data":"000000000003000000000002080045000054945C00004001D2480A0000020A00000300003A65239A00018718B854000000009DBF060000000000101112131415161718191A1B1C1D1E1F202122232425262728292A2B2C2D2E2F3031323334353637"}}
,{"type":"FLOW_MOD","xid":0,"version":1,"time":"1421351047.444564000","conn_id":2,"_source":"127.0.0.1:6633","_dest":"127.0.0.1:55167","msg":{"cookie":0,"cookie_mask":18446744073709551615,"table_id":0,"command":"ADD","idle_timeout":60,"hard_timeout":0,"priority":0,"buffer_id":285,"out_port":0,"out_group":0,"flags":[],"match":[{"field":"IN_PORT","value":2},{"field":"ETH_SRC","value":"00:00:00:00:00:02"},{"field":"ETH_DST","value":"00:00:00:00:00:03"},{"field":"VLAN_VID","value":0},{"field":"VLAN_PCP","value":0},{"field":"ETH_TYPE","value":2048},{"field":"IP_DSCP","value":0},{"field":"IP_PROTO","value":1},{"field":"IPV4_SRC","value":"10.0.0.2"},{"field":"IPV4_DST","value":"10.0.0.3"},{"field":"ICMPV4_TYPE","value":0},{"field":"ICMPV4_CODE","value":0}],"instructions":[{"instruction":"APPLY_ACTIONS","actions":[{"action":"OUTPUT","port":3,"max_len":0}]}]}}
]
