---
type:            OFPT_FEATURES_REQUEST
xid:             0x00000001
version:         0x01
datapath_id:     0000-0000-0000-0000
msg:             
...
---
type:            OFPT_SET_CONFIG
xid:             0x00000002
version:         0x01
datapath_id:     0000-0000-0000-0000
msg:             
  flags:           0x0000
  miss_send_len:   0x000E
...
---
type:            OFPT_FLOW_MOD
xid:             0x00000003
version:         0x01
datapath_id:     0000-0000-0000-0000
msg:             
  cookie:          0x0000000000000000
  cookie_mask:     0xFFFFFFFFFFFFFFFF
  table_id:        0x00
  command:         OFPFC_DELETE
  idle_timeout:    0x0000
  hard_timeout:    0x0000
  priority:        0x8000
  buffer_id:       0xFFFFFFFF
  out_port:        0xFFFFFFFF
  out_group:       0x00000000
  flags:           0x0000
  match:           
  instructions:    
...
---
type:            OFPT_BARRIER_REQUEST
xid:             0x00000004
version:         0x01
datapath_id:     0000-0000-0000-0000
msg:             
...
---
type:            OFPT_PACKET_OUT
xid:             0x00000005
version:         0x01
datapath_id:     0000-0000-0000-0000
msg:             
  buffer_id:       0x00000100
  in_port:         0x00000001
  actions:         
    - action:          OFPAT_OUTPUT
      port:            0xFFFFFFFB
      maxlen:          0x0000
  enet_frame:      ''
...
---
type:            OFPT_PACKET_OUT
xid:             0x00000006
version:         0x01
datapath_id:     0000-0000-0000-0000
msg:             
  buffer_id:       0x00000101
  in_port:         0x00000002
  actions:         
    - action:          OFPAT_OUTPUT
      port:            0xFFFFFFFB
      maxlen:          0x0000
  enet_frame:      ''
...
---
type:            OFPT_PACKET_OUT
xid:             0x00000007
version:         0x01
datapath_id:     0000-0000-0000-0000
msg:             
  buffer_id:       0x00000102
  in_port:         0x00000001
  actions:         
    - action:          OFPAT_OUTPUT
      port:            0xFFFFFFFB
      maxlen:          0x0000
  enet_frame:      ''
...
---
type:            OFPT_PACKET_OUT
xid:             0x00000008
version:         0x01
datapath_id:     0000-0000-0000-0000
msg:             
  buffer_id:       0x00000103
  in_port:         0x00000002
  actions:         
    - action:          OFPAT_OUTPUT
      port:            0xFFFFFFFB
      maxlen:          0x0000
  enet_frame:      ''
...
---
type:            OFPT_PACKET_OUT
xid:             0x00000009
version:         0x01
datapath_id:     0000-0000-0000-0000
msg:             
  buffer_id:       0x00000104
  in_port:         0x00000002
  actions:         
    - action:          OFPAT_OUTPUT
      port:            0xFFFFFFFB
      maxlen:          0x0000
  enet_frame:      ''
...
---
type:            OFPT_PACKET_OUT
xid:             0x0000000A
version:         0x01
datapath_id:     0000-0000-0000-0000
msg:             
  buffer_id:       0x00000105
  in_port:         0x00000001
  actions:         
    - action:          OFPAT_OUTPUT
      port:            0xFFFFFFFB
      maxlen:          0x0000
  enet_frame:      ''
...
---
type:            OFPT_PACKET_OUT
xid:             0x0000000B
version:         0x01
datapath_id:     0000-0000-0000-0000
msg:             
  buffer_id:       0x00000106
  in_port:         0x00000001
  actions:         
    - action:          OFPAT_OUTPUT
      port:            0xFFFFFFFB
      maxlen:          0x0000
  enet_frame:      ''
...
---
type:            OFPT_PACKET_OUT
xid:             0x0000000C
version:         0x01
datapath_id:     0000-0000-0000-0000
msg:             
  buffer_id:       0x00000107
  in_port:         0x00000002
  actions:         
    - action:          OFPAT_OUTPUT
      port:            0xFFFFFFFB
      maxlen:          0x0000
  enet_frame:      ''
...
---
type:            OFPT_PACKET_OUT
xid:             0x0000000D
version:         0x01
datapath_id:     0000-0000-0000-0000
msg:             
  buffer_id:       0x00000108
  in_port:         0x00000001
  actions:         
    - action:          OFPAT_OUTPUT
      port:            0xFFFFFFFB
      maxlen:          0x0000
  enet_frame:      ''
...
---
type:            OFPT_PACKET_OUT
xid:             0x0000000E
version:         0x01
datapath_id:     0000-0000-0000-0000
msg:             
  buffer_id:       0x00000109
  in_port:         0x00000002
  actions:         
    - action:          OFPAT_OUTPUT
      port:            0xFFFFFFFB
      maxlen:          0x0000
  enet_frame:      ''
...
---
type:            OFPT_PACKET_OUT
xid:             0x0000000F
version:         0x01
datapath_id:     0000-0000-0000-0000
msg:             
  buffer_id:       0x0000010A
  in_port:         0x00000002
  actions:         
    - action:          OFPAT_OUTPUT
      port:            0xFFFFFFFB
      maxlen:          0x0000
  enet_frame:      ''
...
---
type:            OFPT_FLOW_MOD
xid:             0x00000010
version:         0x01
datapath_id:     0000-0000-0000-0000
msg:             
  cookie:          0x0000000000000000
  cookie_mask:     0xFFFFFFFFFFFFFFFF
  table_id:        0x00
  command:         OFPFC_ADD
  idle_timeout:    0x000A
  hard_timeout:    0x001E
  priority:        0x7FFF
  buffer_id:       0x0000010B
  out_port:        0x00000000
  out_group:       0x00000000
  flags:           0x0000
  match:           
    - field:           OFB_IN_PORT
      value:           0x00000001
    - field:           OFB_ETH_SRC
      value:           8A-67-69-C6-9F-59
    - field:           OFB_ETH_DST
      value:           FA-9A-44-DF-F4-42
  instructions:    
    - instruction:     OFPIT_APPLY_ACTIONS
      actions:         
        - action:          OFPAT_OUTPUT
          port:            0x00000002
          maxlen:          0x0000
...
---
type:            OFPT_FLOW_MOD
xid:             0x00000011
version:         0x01
datapath_id:     0000-0000-0000-0000
msg:             
  cookie:          0x0000000000000000
  cookie_mask:     0xFFFFFFFFFFFFFFFF
  table_id:        0x00
  command:         OFPFC_ADD
  idle_timeout:    0x000A
  hard_timeout:    0x001E
  priority:        0x7FFF
  buffer_id:       0x0000010C
  out_port:        0x00000000
  out_group:       0x00000000
  flags:           0x0000
  match:           
    - field:           OFB_IN_PORT
      value:           0x00000002
    - field:           OFB_ETH_SRC
      value:           FA-9A-44-DF-F4-42
    - field:           OFB_ETH_DST
      value:           8A-67-69-C6-9F-59
  instructions:    
    - instruction:     OFPIT_APPLY_ACTIONS
      actions:         
        - action:          OFPAT_OUTPUT
          port:            0x00000001
          maxlen:          0x0000
...
